// Jest Snapshot v1, https://goo.gl/fbAQLP

exports[`Should render the calculate component 1`] = `<calculate />`;
